2026-03-18 21:29:29,002 INFO Starting bronze to silver pipeline.
2026-03-18 21:29:29,064 INFO Bronze entries detected: 3624
2026-03-18 21:29:29,064 INFO Starting validation and data quality checks.
2026-03-18 21:29:29,067 INFO OHLC logic validations
2026-03-18 21:29:29,067 INFO Valid entries found: 3624
2026-03-18 21:29:29,067 INFO Invalid entries found: 0
2026-03-18 21:29:29,070 WARNING Duplicates: 0
2026-03-18 21:29:29,070 WARNING Null symbols: col("symbol").is_null().sum()
2026-03-18 21:29:29,072 WARNING Null timestamps: 0
2026-03-18 21:29:29,072 WARNING Null open: 0
2026-03-18 21:29:29,073 WARNING Null high: 0
2026-03-18 21:29:29,073 WARNING Null low: 0
2026-03-18 21:29:29,073 WARNING Null close: 0
2026-03-18 21:29:29,073 WARNING Null volume: 0
2026-03-18 21:29:29,081 WARNING Zero prices: 0
2026-03-18 21:29:29,082 INFO Data Cleaning validations
2026-03-18 21:29:29,082 INFO Valid entries found: 2896
2026-03-18 21:29:29,083 INFO Invalid entries found: 728
2026-03-18 21:29:29,083 WARNING Inserting invalid entries into silver.quarantine
2026-03-18 21:29:29,334 INFO Records remaining after OHLC + Null Validations: 2896
2026-03-18 21:29:29,336 INFO Writing records to silver.
2026-03-18 21:29:29,577 INFO Silver Process Finished.
2026-03-18 21:31:05,439 INFO Starting bronze to silver pipeline.
2026-03-18 21:31:05,499 INFO Bronze entries detected: 3624
2026-03-18 21:31:05,499 INFO Starting validation and data quality checks.
2026-03-18 21:31:05,502 INFO OHLC logic validations
2026-03-18 21:31:05,502 INFO Valid entries found: 3624
2026-03-18 21:31:05,502 INFO Invalid entries found: 0
2026-03-18 21:31:05,506 INFO Data Cleaning validations
2026-03-18 21:31:05,506 INFO Valid entries found: 3624
2026-03-18 21:31:05,507 INFO Invalid entries found: 0
2026-03-18 21:31:05,507 INFO Records remaining after OHLC + Null Validations: 3624
2026-03-18 21:31:05,508 INFO Writing records to silver.
2026-03-18 21:31:06,021 INFO Silver Process Finished.
2026-03-19 19:19:42,543 INFO Starting bronze to silver pipeline.
2026-03-19 19:19:42,592 INFO Bronze entries detected: 2
2026-03-19 19:19:42,592 INFO Starting validation and data quality checks.
2026-03-19 19:19:42,601 INFO OHLC logic validations
2026-03-19 19:19:42,601 INFO Valid entries found: 2
2026-03-19 19:19:42,601 INFO Invalid entries found: 0
2026-03-19 19:19:42,610 INFO Data Cleaning validations
2026-03-19 19:19:42,611 INFO Valid entries found: 2
2026-03-19 19:19:42,611 INFO Invalid entries found: 0
2026-03-19 19:19:42,611 INFO Records remaining after OHLC + Null Validations: 2
2026-03-19 19:19:42,613 INFO Writing records to silver.
2026-03-19 19:19:42,830 INFO Silver Process Finished.
2026-03-23 12:29:02,228 INFO Starting bronze to silver pipeline.
2026-03-23 12:29:02,570 INFO Bronze entries detected: 3520
2026-03-23 12:29:02,570 INFO Starting validation and data quality checks.
2026-03-23 12:29:02,579 INFO OHLC logic validations
2026-03-23 12:29:02,579 INFO Valid entries found: 3520
2026-03-23 12:29:02,580 INFO Invalid entries found: 0
2026-03-23 12:29:02,590 INFO Data Cleaning validations
2026-03-23 12:29:02,590 INFO Valid entries found: 3520
2026-03-23 12:29:02,590 INFO Invalid entries found: 0
2026-03-23 12:29:02,590 INFO Records remaining after OHLC + Null Validations: 3520
2026-03-23 12:29:02,593 INFO Writing records to silver.
2026-03-23 12:29:03,075 INFO Silver Process Finished.
